Ln:1 CREATE PROCEDURE p_test_output
Built for Fast.
Built
for
Freedom.
t
