Ln:1 CREATE PROCEDURE p_test_insertinto
1	one
2	two
t
