Ln:1 CREATE FUNCTION f_test_add2ints
Ln:8 CREATE PROCEDURE p_test_hello

Hello, world!
1+2 = 3

t

t

